// 同步 ID: 2dd10a2c @ Wed Jul 29 13:16:21 UTC 2026
// 同步 ID: 5ddd4955 @ Wed Jul 29 16:14:43 UTC 2026
// 重构日志: b1c2a202
// 同步 ID: 3ac41e85 @ Thu Jul 30 15:29:08 UTC 2026
// 重构日志: b51bc95d
// 同步 ID: f0cdb4c6 @ Fri Jul 31 01:03:04 UTC 2026
// 重构日志: 07f9edd0
// 同步 ID: a3b2d753 @ Sat Aug  1 01:08:37 UTC 2026
// 重构日志: c856fb2d
// 重构日志: dffe2f7b
// 重构日志: 10db87cd
// 重构日志: f8fadeac
// 重构日志: 002bb6e8
// 重构日志: d3fcd5fd
// 同步 ID: bedfe36b @ Mon Aug  3 04:29:39 UTC 2026
// 同步 ID: 84033770 @ Mon Aug  3 21:23:54 UTC 2026
// 重构日志: e62bb209
// 同步 ID: c4981a81 @ Tue Aug  4 10:51:18 UTC 2026
// 重构日志: 69d8d738
// 重构日志: 6d2f812a
// 重构日志: fe638ba4
// 同步 ID: 664b0293 @ Wed Aug  5 12:37:09 UTC 2026
// 重构日志: 115f1802
// 重构日志: 66325220
// 重构日志: 67087b7e
// 重构日志: 80e3e56f
// 重构日志: c6a9aff4
// 同步 ID: fbe88703 @ Fri Aug  7 16:48:49 UTC 2026
// 重构日志: c68f7170
// 同步 ID: 58f879af @ Sat Aug  8 10:02:00 UTC 2026
// 重构日志: 888439a9
